
===========================================================================
report_checks -path_delay max (Setup)
============================================================================
======================= Typical Corner ===================================

Startpoint: _1_ (rising edge-triggered flip-flop clocked by CLK)
Endpoint: OUTB (output port clocked by CLK)
Path Group: CLK
Path Type: max

Fanout     Cap    Slew   Delay    Time   Description
-----------------------------------------------------------------------------
                  0.00    0.00    0.00   clock CLK (rise edge)
                          0.00    0.00   clock network delay (ideal)
                  0.00    0.00    0.00 ^ _1_/CLK (sky130_fd_sc_hd__dfxtp_2)
                  0.02    0.27    0.27 v _1_/Q (sky130_fd_sc_hd__dfxtp_2)
     1    0.00                           OUTB (net)
                  0.02    0.00    0.27 v OUTB (out)
                                  0.27   data arrival time

                  0.00   10.00   10.00   clock CLK (rise edge)
                          0.00   10.00   clock network delay (ideal)
                         -0.20    9.80   clock uncertainty
                          0.00    9.80   clock reconvergence pessimism
                         -3.00    6.80   output external delay
                                  6.80   data required time
-----------------------------------------------------------------------------
                                  6.80   data required time
                                 -0.27   data arrival time
-----------------------------------------------------------------------------
                                  6.53   slack (MET)


Startpoint: C (input port clocked by CLK)
Endpoint: _1_ (rising edge-triggered flip-flop clocked by CLK)
Path Group: CLK
Path Type: max

Fanout     Cap    Slew   Delay    Time   Description
-----------------------------------------------------------------------------
                  0.00    0.00    0.00   clock CLK (rise edge)
                          0.00    0.00   clock network delay (ideal)
                          2.00    2.00 v input external delay
                  0.00    0.00    2.00 v C (in)
     1    0.00                           C (net)
                  0.00    0.00    2.00 v _0_/B1 (sky130_fd_sc_hd__a21o_2)
                  0.03    0.16    2.16 v _0_/X (sky130_fd_sc_hd__a21o_2)
     1    0.00                           Y (net)
                  0.03    0.00    2.16 v _1_/D (sky130_fd_sc_hd__dfxtp_2)
                                  2.16   data arrival time

                  0.00   10.00   10.00   clock CLK (rise edge)
                          0.00   10.00   clock network delay (ideal)
                         -0.20    9.80   clock uncertainty
                          0.00    9.80   clock reconvergence pessimism
                                  9.80 ^ _1_/CLK (sky130_fd_sc_hd__dfxtp_2)
                         -0.12    9.68   library setup time
                                  9.68   data required time
-----------------------------------------------------------------------------
                                  9.68   data required time
                                 -2.16   data arrival time
-----------------------------------------------------------------------------
                                  7.52   slack (MET)


Startpoint: INP (input port clocked by CLK)
Endpoint: _2_ (rising edge-triggered flip-flop clocked by CLK)
Path Group: CLK
Path Type: max

Fanout     Cap    Slew   Delay    Time   Description
-----------------------------------------------------------------------------
                  0.00    0.00    0.00   clock CLK (rise edge)
                          0.00    0.00   clock network delay (ideal)
                          2.00    2.00 v input external delay
                  0.00    0.00    2.00 v INP (in)
     1    0.00                           INP (net)
                  0.00    0.00    2.00 v _2_/D (sky130_fd_sc_hd__dfxtp_2)
                                  2.00   data arrival time

                  0.00   10.00   10.00   clock CLK (rise edge)
                          0.00   10.00   clock network delay (ideal)
                         -0.20    9.80   clock uncertainty
                          0.00    9.80   clock reconvergence pessimism
                                  9.80 ^ _2_/CLK (sky130_fd_sc_hd__dfxtp_2)
                         -0.10    9.70   library setup time
                                  9.70   data required time
-----------------------------------------------------------------------------
                                  9.70   data required time
                                 -2.00   data arrival time
-----------------------------------------------------------------------------
                                  7.70   slack (MET)



