
===========================================================================
report_checks -path_delay min (Hold)
============================================================================
======================= Typical Corner ===================================

Startpoint: _2_ (rising edge-triggered flip-flop clocked by CLK)
Endpoint: _1_ (rising edge-triggered flip-flop clocked by CLK)
Path Group: CLK
Path Type: min

Fanout     Cap    Slew   Delay    Time   Description
-----------------------------------------------------------------------------
                  0.00    0.00    0.00   clock CLK (rise edge)
                          0.00    0.00   clock network delay (ideal)
                  0.00    0.00    0.00 ^ _2_/CLK (sky130_fd_sc_hd__dfxtp_2)
                  0.03    0.29    0.29 ^ _2_/Q (sky130_fd_sc_hd__dfxtp_2)
     1    0.00                           ff1_out (net)
                  0.03    0.00    0.29 ^ _0_/A2 (sky130_fd_sc_hd__a21o_2)
                  0.02    0.10    0.39 ^ _0_/X (sky130_fd_sc_hd__a21o_2)
     1    0.00                           Y (net)
                  0.02    0.00    0.39 ^ _1_/D (sky130_fd_sc_hd__dfxtp_2)
                                  0.39   data arrival time

                  0.00    0.00    0.00   clock CLK (rise edge)
                          0.00    0.00   clock network delay (ideal)
                          0.10    0.10   clock uncertainty
                          0.00    0.10   clock reconvergence pessimism
                                  0.10 ^ _1_/CLK (sky130_fd_sc_hd__dfxtp_2)
                         -0.03    0.07   library hold time
                                  0.07   data required time
-----------------------------------------------------------------------------
                                  0.07   data required time
                                 -0.39   data arrival time
-----------------------------------------------------------------------------
                                  0.32   slack (MET)


Startpoint: INP (input port clocked by CLK)
Endpoint: _2_ (rising edge-triggered flip-flop clocked by CLK)
Path Group: CLK
Path Type: min

Fanout     Cap    Slew   Delay    Time   Description
-----------------------------------------------------------------------------
                  0.00    0.00    0.00   clock CLK (rise edge)
                          0.00    0.00   clock network delay (ideal)
                          0.50    0.50 ^ input external delay
                  0.00    0.00    0.50 ^ INP (in)
     1    0.00                           INP (net)
                  0.00    0.00    0.50 ^ _2_/D (sky130_fd_sc_hd__dfxtp_2)
                                  0.50   data arrival time

                  0.00    0.00    0.00   clock CLK (rise edge)
                          0.00    0.00   clock network delay (ideal)
                          0.10    0.10   clock uncertainty
                          0.00    0.10   clock reconvergence pessimism
                                  0.10 ^ _2_/CLK (sky130_fd_sc_hd__dfxtp_2)
                         -0.03    0.07   library hold time
                                  0.07   data required time
-----------------------------------------------------------------------------
                                  0.07   data required time
                                 -0.50   data arrival time
-----------------------------------------------------------------------------
                                  0.43   slack (MET)


Startpoint: _1_ (rising edge-triggered flip-flop clocked by CLK)
Endpoint: OUTB (output port clocked by CLK)
Path Group: CLK
Path Type: min

Fanout     Cap    Slew   Delay    Time   Description
-----------------------------------------------------------------------------
                  0.00    0.00    0.00   clock CLK (rise edge)
                          0.00    0.00   clock network delay (ideal)
                  0.00    0.00    0.00 ^ _1_/CLK (sky130_fd_sc_hd__dfxtp_2)
                  0.02    0.27    0.27 ^ _1_/Q (sky130_fd_sc_hd__dfxtp_2)
     1    0.00                           OUTB (net)
                  0.02    0.00    0.27 ^ OUTB (out)
                                  0.27   data arrival time

                  0.00    0.00    0.00   clock CLK (rise edge)
                          0.00    0.00   clock network delay (ideal)
                          0.10    0.10   clock uncertainty
                          0.00    0.10   clock reconvergence pessimism
                         -1.00   -0.90   output external delay
                                 -0.90   data required time
-----------------------------------------------------------------------------
                                 -0.90   data required time
                                 -0.27   data arrival time
-----------------------------------------------------------------------------
                                  1.17   slack (MET)



