
===========================================================================
report_checks -path_delay max (Setup)
============================================================================
======================= Typical Corner ===================================

Startpoint: _1_ (rising edge-triggered flip-flop clocked by CLK)
Endpoint: OUTB (output port clocked by CLK)
Path Group: CLK
Path Type: max

Fanout     Cap    Slew   Delay    Time   Description
-----------------------------------------------------------------------------
                          0.00    0.00   clock CLK (rise edge)
                          0.00    0.00   clock source latency
                  0.00    0.00    0.00 ^ CLK (in)
     1    0.01                           CLK (net)
                  0.00    0.00    0.00 ^ clkbuf_0_CLK/A (sky130_fd_sc_hd__clkbuf_16)
                  0.04    0.11    0.11 ^ clkbuf_0_CLK/X (sky130_fd_sc_hd__clkbuf_16)
     2    0.02                           clknet_0_CLK (net)
                  0.04    0.00    0.11 ^ clkbuf_1_0__f_CLK/A (sky130_fd_sc_hd__clkbuf_16)
                  0.03    0.11    0.21 ^ clkbuf_1_0__f_CLK/X (sky130_fd_sc_hd__clkbuf_16)
     1    0.00                           clknet_1_0__leaf_CLK (net)
                  0.03    0.00    0.21 ^ _1_/CLK (sky130_fd_sc_hd__dfxtp_1)
                  0.05    0.30    0.51 ^ _1_/Q (sky130_fd_sc_hd__dfxtp_1)
     1    0.00                           net4 (net)
                  0.05    0.00    0.51 ^ output4/A (sky130_fd_sc_hd__buf_1)
                  0.02    0.06    0.58 ^ output4/X (sky130_fd_sc_hd__buf_1)
     1    0.00                           OUTB (net)
                  0.02    0.00    0.58 ^ OUTB (out)
                                  0.58   data arrival time

                         10.00   10.00   clock CLK (rise edge)
                          0.00   10.00   clock network delay (propagated)
                         -0.20    9.80   clock uncertainty
                          0.00    9.80   clock reconvergence pessimism
                         -3.00    6.80   output external delay
                                  6.80   data required time
-----------------------------------------------------------------------------
                                  6.80   data required time
                                 -0.58   data arrival time
-----------------------------------------------------------------------------
                                  6.22   slack (MET)


Startpoint: C (input port clocked by CLK)
Endpoint: _1_ (rising edge-triggered flip-flop clocked by CLK)
Path Group: CLK
Path Type: max

Fanout     Cap    Slew   Delay    Time   Description
-----------------------------------------------------------------------------
                          0.00    0.00   clock CLK (rise edge)
                          0.00    0.00   clock network delay (propagated)
                          2.00    2.00 v input external delay
                  0.00    0.00    2.00 v C (in)
     1    0.00                           C (net)
                  0.00    0.00    2.00 v input2/A (sky130_fd_sc_hd__clkbuf_1)
                  0.05    0.09    2.09 v input2/X (sky130_fd_sc_hd__clkbuf_1)
     1    0.01                           net2 (net)
                  0.05    0.00    2.09 v _0_/B1 (sky130_fd_sc_hd__a21o_1)
                  0.04    0.15    2.24 v _0_/X (sky130_fd_sc_hd__a21o_1)
     1    0.00                           Y (net)
                  0.04    0.00    2.24 v _1_/D (sky130_fd_sc_hd__dfxtp_1)
                                  2.24   data arrival time

                         10.00   10.00   clock CLK (rise edge)
                          0.00   10.00   clock source latency
                  0.00    0.00   10.00 ^ CLK (in)
     1    0.01                           CLK (net)
                  0.00    0.00   10.00 ^ clkbuf_0_CLK/A (sky130_fd_sc_hd__clkbuf_16)
                  0.04    0.11   10.11 ^ clkbuf_0_CLK/X (sky130_fd_sc_hd__clkbuf_16)
     2    0.02                           clknet_0_CLK (net)
                  0.04    0.00   10.11 ^ clkbuf_1_0__f_CLK/A (sky130_fd_sc_hd__clkbuf_16)
                  0.03    0.11   10.21 ^ clkbuf_1_0__f_CLK/X (sky130_fd_sc_hd__clkbuf_16)
     1    0.00                           clknet_1_0__leaf_CLK (net)
                  0.03    0.00   10.21 ^ _1_/CLK (sky130_fd_sc_hd__dfxtp_1)
                         -0.20   10.01   clock uncertainty
                          0.00   10.01   clock reconvergence pessimism
                         -0.11    9.90   library setup time
                                  9.90   data required time
-----------------------------------------------------------------------------
                                  9.90   data required time
                                 -2.24   data arrival time
-----------------------------------------------------------------------------
                                  7.67   slack (MET)


Startpoint: INP (input port clocked by CLK)
Endpoint: _2_ (rising edge-triggered flip-flop clocked by CLK)
Path Group: CLK
Path Type: max

Fanout     Cap    Slew   Delay    Time   Description
-----------------------------------------------------------------------------
                          0.00    0.00   clock CLK (rise edge)
                          0.00    0.00   clock network delay (propagated)
                          2.00    2.00 v input external delay
                  0.00    0.00    2.00 v INP (in)
     1    0.00                           INP (net)
                  0.00    0.00    2.00 v input3/A (sky130_fd_sc_hd__clkbuf_1)
                  0.03    0.07    2.07 v input3/X (sky130_fd_sc_hd__clkbuf_1)
     1    0.00                           net3 (net)
                  0.03    0.00    2.07 v _2_/D (sky130_fd_sc_hd__dfxtp_1)
                                  2.07   data arrival time

                         10.00   10.00   clock CLK (rise edge)
                          0.00   10.00   clock source latency
                  0.00    0.00   10.00 ^ CLK (in)
     1    0.01                           CLK (net)
                  0.00    0.00   10.00 ^ clkbuf_0_CLK/A (sky130_fd_sc_hd__clkbuf_16)
                  0.04    0.11   10.11 ^ clkbuf_0_CLK/X (sky130_fd_sc_hd__clkbuf_16)
     2    0.02                           clknet_0_CLK (net)
                  0.04    0.00   10.11 ^ clkbuf_1_1__f_CLK/A (sky130_fd_sc_hd__clkbuf_16)
                  0.03    0.11   10.21 ^ clkbuf_1_1__f_CLK/X (sky130_fd_sc_hd__clkbuf_16)
     1    0.00                           clknet_1_1__leaf_CLK (net)
                  0.03    0.00   10.21 ^ _2_/CLK (sky130_fd_sc_hd__dfxtp_1)
                         -0.20   10.01   clock uncertainty
                          0.00   10.01   clock reconvergence pessimism
                         -0.11    9.91   library setup time
                                  9.91   data required time
-----------------------------------------------------------------------------
                                  9.91   data required time
                                 -2.07   data arrival time
-----------------------------------------------------------------------------
                                  7.84   slack (MET)



