
===========================================================================
report_checks -path_delay min (Hold)
============================================================================
======================= Typical Corner ===================================

Startpoint: INP (input port clocked by CLK)
Endpoint: _2_ (rising edge-triggered flip-flop clocked by CLK)
Path Group: CLK
Path Type: min

Fanout     Cap    Slew   Delay    Time   Description
-----------------------------------------------------------------------------
                          0.00    0.00   clock CLK (rise edge)
                          0.00    0.00   clock network delay (propagated)
                          0.50    0.50 ^ input external delay
                  0.00    0.00    0.50 ^ INP (in)
     1    0.00                           INP (net)
                  0.00    0.00    0.50 ^ input3/A (sky130_fd_sc_hd__clkbuf_1)
                  0.04    0.06    0.56 ^ input3/X (sky130_fd_sc_hd__clkbuf_1)
     1    0.00                           net3 (net)
                  0.04    0.00    0.56 ^ _2_/D (sky130_fd_sc_hd__dfxtp_1)
                                  0.56   data arrival time

                          0.00    0.00   clock CLK (rise edge)
                          0.00    0.00   clock source latency
                  0.00    0.00    0.00 ^ CLK (in)
     1    0.01                           CLK (net)
                  0.00    0.00    0.00 ^ clkbuf_0_CLK/A (sky130_fd_sc_hd__clkbuf_16)
                  0.04    0.11    0.11 ^ clkbuf_0_CLK/X (sky130_fd_sc_hd__clkbuf_16)
     2    0.02                           clknet_0_CLK (net)
                  0.04    0.00    0.11 ^ clkbuf_1_1__f_CLK/A (sky130_fd_sc_hd__clkbuf_16)
                  0.03    0.11    0.21 ^ clkbuf_1_1__f_CLK/X (sky130_fd_sc_hd__clkbuf_16)
     1    0.00                           clknet_1_1__leaf_CLK (net)
                  0.03    0.00    0.21 ^ _2_/CLK (sky130_fd_sc_hd__dfxtp_1)
                          0.10    0.31   clock uncertainty
                          0.00    0.31   clock reconvergence pessimism
                         -0.03    0.28   library hold time
                                  0.28   data required time
-----------------------------------------------------------------------------
                                  0.28   data required time
                                 -0.56   data arrival time
-----------------------------------------------------------------------------
                                  0.28   slack (MET)


Startpoint: _2_ (rising edge-triggered flip-flop clocked by CLK)
Endpoint: _1_ (rising edge-triggered flip-flop clocked by CLK)
Path Group: CLK
Path Type: min

Fanout     Cap    Slew   Delay    Time   Description
-----------------------------------------------------------------------------
                          0.00    0.00   clock CLK (rise edge)
                          0.00    0.00   clock source latency
                  0.00    0.00    0.00 ^ CLK (in)
     1    0.01                           CLK (net)
                  0.00    0.00    0.00 ^ clkbuf_0_CLK/A (sky130_fd_sc_hd__clkbuf_16)
                  0.04    0.11    0.11 ^ clkbuf_0_CLK/X (sky130_fd_sc_hd__clkbuf_16)
     2    0.02                           clknet_0_CLK (net)
                  0.04    0.00    0.11 ^ clkbuf_1_1__f_CLK/A (sky130_fd_sc_hd__clkbuf_16)
                  0.03    0.11    0.21 ^ clkbuf_1_1__f_CLK/X (sky130_fd_sc_hd__clkbuf_16)
     1    0.00                           clknet_1_1__leaf_CLK (net)
                  0.03    0.00    0.21 ^ _2_/CLK (sky130_fd_sc_hd__dfxtp_1)
                  0.04    0.29    0.51 ^ _2_/Q (sky130_fd_sc_hd__dfxtp_1)
     1    0.00                           ff1_out (net)
                  0.04    0.00    0.51 ^ _0_/A2 (sky130_fd_sc_hd__a21o_1)
                  0.04    0.10    0.61 ^ _0_/X (sky130_fd_sc_hd__a21o_1)
     1    0.00                           Y (net)
                  0.04    0.00    0.61 ^ _1_/D (sky130_fd_sc_hd__dfxtp_1)
                                  0.61   data arrival time

                          0.00    0.00   clock CLK (rise edge)
                          0.00    0.00   clock source latency
                  0.00    0.00    0.00 ^ CLK (in)
     1    0.01                           CLK (net)
                  0.00    0.00    0.00 ^ clkbuf_0_CLK/A (sky130_fd_sc_hd__clkbuf_16)
                  0.04    0.11    0.11 ^ clkbuf_0_CLK/X (sky130_fd_sc_hd__clkbuf_16)
     2    0.02                           clknet_0_CLK (net)
                  0.04    0.00    0.11 ^ clkbuf_1_0__f_CLK/A (sky130_fd_sc_hd__clkbuf_16)
                  0.03    0.11    0.21 ^ clkbuf_1_0__f_CLK/X (sky130_fd_sc_hd__clkbuf_16)
     1    0.00                           clknet_1_0__leaf_CLK (net)
                  0.03    0.00    0.21 ^ _1_/CLK (sky130_fd_sc_hd__dfxtp_1)
                          0.10    0.31   clock uncertainty
                          0.00    0.31   clock reconvergence pessimism
                         -0.03    0.28   library hold time
                                  0.28   data required time
-----------------------------------------------------------------------------
                                  0.28   data required time
                                 -0.61   data arrival time
-----------------------------------------------------------------------------
                                  0.33   slack (MET)


Startpoint: _1_ (rising edge-triggered flip-flop clocked by CLK)
Endpoint: OUTB (output port clocked by CLK)
Path Group: CLK
Path Type: min

Fanout     Cap    Slew   Delay    Time   Description
-----------------------------------------------------------------------------
                          0.00    0.00   clock CLK (rise edge)
                          0.00    0.00   clock source latency
                  0.00    0.00    0.00 ^ CLK (in)
     1    0.01                           CLK (net)
                  0.00    0.00    0.00 ^ clkbuf_0_CLK/A (sky130_fd_sc_hd__clkbuf_16)
                  0.04    0.11    0.11 ^ clkbuf_0_CLK/X (sky130_fd_sc_hd__clkbuf_16)
     2    0.02                           clknet_0_CLK (net)
                  0.04    0.00    0.11 ^ clkbuf_1_0__f_CLK/A (sky130_fd_sc_hd__clkbuf_16)
                  0.03    0.11    0.21 ^ clkbuf_1_0__f_CLK/X (sky130_fd_sc_hd__clkbuf_16)
     1    0.00                           clknet_1_0__leaf_CLK (net)
                  0.03    0.00    0.21 ^ _1_/CLK (sky130_fd_sc_hd__dfxtp_1)
                  0.03    0.29    0.50 v _1_/Q (sky130_fd_sc_hd__dfxtp_1)
     1    0.00                           net4 (net)
                  0.03    0.00    0.50 v output4/A (sky130_fd_sc_hd__buf_1)
                  0.02    0.07    0.57 v output4/X (sky130_fd_sc_hd__buf_1)
     1    0.00                           OUTB (net)
                  0.02    0.00    0.57 v OUTB (out)
                                  0.57   data arrival time

                          0.00    0.00   clock CLK (rise edge)
                          0.00    0.00   clock network delay (propagated)
                          0.10    0.10   clock uncertainty
                          0.00    0.10   clock reconvergence pessimism
                         -1.00   -0.90   output external delay
                                 -0.90   data required time
-----------------------------------------------------------------------------
                                 -0.90   data required time
                                 -0.57   data arrival time
-----------------------------------------------------------------------------
                                  1.47   slack (MET)



